1

1
WARNING
comparison of integer expressions of different signedness: 'int' and 'unsigned int' [-Wsign-compare]

In file included from W-03.cpp:1:
W-03.h: In function 'void doWork()':
W-03.h:10:8: warning: comparison of integer expressions of different signedness: 'int' and 'unsigned int' [-Wsign-compare]
   10 |  if (a < b) {
      |      ~~^~~

-

-

-
